\BOOKMARK [1][-]{section.1}{\376\377\000G\000o\000a\000l\000\040\000a\000n\000d\000\040\000h\000e\000a\000d\000l\000i\000n\000e\000\040\000c\000l\000a\000i\000m}{}% 1
\BOOKMARK [1][-]{section.2}{\376\377\000H\000a\000r\000d\000w\000a\000r\000e\000\040\000m\000o\000d\000e\000l}{}% 2
\BOOKMARK [2][-]{subsection.2.1}{\376\377\000C\000o\000n\000n\000e\000c\000t\000i\000v\000i\000t\000y}{section.2}% 3
\BOOKMARK [2][-]{subsection.2.2}{\376\377\000N\000o\000i\000s\000e\000\040\000m\000o\000d\000e\000l\000\040\000\050\000n\000u\000m\000b\000e\000r\000s\000\040\000t\000a\000k\000e\000n\000\040\000f\000r\000o\000m\000\040\000t\000h\000e\000\040\000s\000i\000m\000u\000l\000a\000t\000i\000o\000n\000\040\000s\000t\000a\000c\000k\000\051}{section.2}% 4
\BOOKMARK [1][-]{section.3}{\376\377\000C\000o\000m\000p\000i\000l\000i\000n\000g\000\040\000c\000r\000o\000s\000s\000-\000c\000h\000i\000p\000\040\000i\000n\000t\000e\000r\000a\000c\000t\000i\000o\000n\000s}{}% 5
\BOOKMARK [2][-]{subsection.3.1}{\376\377\000T\000h\000e\000\040\000Q\000S\000T\000\040\000r\000o\000u\000t\000i\000n\000g\000\040\000g\000a\000d\000g\000e\000t\000\040\000\050\000t\000h\000e\000\040\000w\000o\000r\000k\000h\000o\000r\000s\000e\000\051}{section.3}% 6
\BOOKMARK [2][-]{subsection.3.2}{\376\377\000R\000e\000j\000e\000c\000t\000e\000d\000\040\000a\000l\000t\000e\000r\000n\000a\000t\000i\000v\000e\000s\000\040\000\050\000a\000n\000d\000\040\000w\000h\000y\000\051}{section.3}% 7
\BOOKMARK [1][-]{section.4}{\376\377\000T\000h\000e\000\040\000e\000x\000p\000e\000r\000i\000m\000e\000n\000t\000:\000\040\000e\000c\000h\000o\000\040\000O\000T\000O\000C\000\040\000o\000f\000\040\000a\000\040\000k\000i\000c\000k\000e\000d\000\040\000I\000s\000i\000n\000g\000\040\000c\000h\000a\000i\000n}{}% 8
\BOOKMARK [2][-]{subsection.4.1}{\376\377\000M\000o\000d\000e\000l\000\040\000a\000n\000d\000\040\000T\000r\000o\000t\000t\000e\000r\000i\000z\000a\000t\000i\000o\000n}{section.4}% 9
\BOOKMARK [2][-]{subsection.4.2}{\376\377\000E\000c\000h\000o\000\040\000\050\000L\000o\000s\000c\000h\000m\000i\000d\000t\000\051\000\040\000O\000T\000O\000C\000\040\000p\000r\000o\000t\000o\000c\000o\000l}{section.4}% 10
\BOOKMARK [2][-]{subsection.4.3}{\376\377\000Q\000u\000b\000i\000t\000\040\000l\000a\000y\000o\000u\000t\000\040\000\050\0004\000-\000c\000h\000i\000p\000\040\000m\000a\000c\000h\000i\000n\000e\000\051}{section.4}% 11
\BOOKMARK [1][-]{section.5}{\376\377\000E\000r\000r\000o\000r\000\040\000b\000u\000d\000g\000e\000t\000\040\000a\000n\000d\000\040\000f\000e\000a\000s\000i\000b\000i\000l\000i\000t\000y}{}% 12
\BOOKMARK [1][-]{section.6}{\376\377\000A\000n\000t\000i\000c\000i\000p\000a\000t\000e\000d\000\040\000r\000e\000s\000u\000l\000t\000s\000\040\000\050\000m\000o\000c\000k\000\040\000f\000i\000g\000u\000r\000e\000s\000\051}{}% 13
\BOOKMARK [2][-]{subsection.6.1}{\376\377\000M\000o\000n\000e\000y\000\040\000p\000l\000o\000t\000\040\0001\000:\000\040\000t\000h\000e\000\040\000c\000r\000o\000s\000s\000-\000c\000h\000i\000p\000\040\000l\000i\000g\000h\000t\000\040\000c\000o\000n\000e}{section.6}% 14
\BOOKMARK [2][-]{subsection.6.2}{\376\377\000M\000o\000n\000e\000y\000\040\000p\000l\000o\000t\000\040\0002\000:\000\040\000c\000o\000m\000p\000i\000l\000a\000t\000i\000o\000n\000\040\000s\000t\000r\000a\000t\000e\000g\000y\000\040\000c\000o\000m\000p\000a\000r\000i\000s\000o\000n}{section.6}% 15
\BOOKMARK [2][-]{subsection.6.3}{\376\377\000S\000u\000p\000p\000o\000r\000t\000i\000n\000g\000\040\000p\000l\000o\000t\000:\000\040\000c\000h\000a\000o\000t\000i\000c\000\040\000v\000s\000.\000\040\000i\000n\000t\000e\000g\000r\000a\000b\000l\000e\000\040\000s\000p\000r\000e\000a\000d\000i\000n\000g}{section.6}% 16
\BOOKMARK [1][-]{section.7}{\376\377\000E\000x\000p\000a\000n\000d\000i\000n\000g\000\040\000t\000o\000\040\0005\040\023\0006\000\040\000c\000h\000i\000p\000s\000:\000\040\000t\000h\000e\000\040\000f\000u\000n\000\040\000p\000a\000r\000t}{}% 17
\BOOKMARK [2][-]{subsection.7.1}{\376\377\000L\000o\000n\000g\000e\000r\000\040\000l\000i\000g\000h\000t\000\040\000c\000o\000n\000e\000\040\000a\000n\000d\000\040\000s\000c\000r\000a\000m\000b\000l\000i\000n\000g\000\040\000s\000a\000t\000u\000r\000a\000t\000i\000o\000n}{section.7}% 18
\BOOKMARK [2][-]{subsection.7.2}{\376\377\000R\000i\000n\000g\000\040\000c\000l\000o\000s\000u\000r\000e\000:\000\040\000p\000e\000r\000i\000o\000d\000i\000c\000\040\000b\000o\000u\000n\000d\000a\000r\000y\000\040\000c\000o\000n\000d\000i\000t\000i\000o\000n\000s}{section.7}% 19
\BOOKMARK [2][-]{subsection.7.3}{\376\377\000T\000h\000e\000\040\000b\000u\000t\000t\000e\000r\000f\000l\000y\040\023\000c\000a\000b\000l\000e\000\040\000r\000a\000c\000e\000\040\000\050\000r\000e\000c\000o\000m\000m\000e\000n\000d\000e\000d\000\040\000h\000e\000a\000d\000l\000i\000n\000e\000\040\000d\000e\000m\000o\000\051}{section.7}% 20
\BOOKMARK [2][-]{subsection.7.4}{\376\377\000C\000o\000l\000l\000i\000d\000i\000n\000g\000\040\000b\000u\000t\000t\000e\000r\000f\000l\000i\000e\000s}{section.7}% 21
\BOOKMARK [1][-]{section.8}{\376\377\000E\000r\000r\000o\000r\000\040\000m\000i\000t\000i\000g\000a\000t\000i\000o\000n\000\040\000s\000t\000a\000c\000k}{}% 22
\BOOKMARK [1][-]{section.9}{\376\377\000M\000i\000l\000e\000s\000t\000o\000n\000e\000s}{}% 23
